
Running 90 tests using 1 worker

(node:118868) Warning: The 'NO_COLOR' env is ignored due to the 'FORCE_COLOR' env being set.
(Use `node --trace-warnings ...` to show where the warning was created)
  ok  1 tests\continuation.pw.ts:9:1 › Information pixels are independent of opacity animation history in every scene (5.6s)
  ok  2 tests\continuation.pw.ts:28:1 › a preview render failure preserves editable data and timeline (636ms)
  ok  3 tests\continuation.pw.ts:49:1 › fresh product, nullable range, current TTS and resumable complete axis (4.5s)
  ok  4 tests\continuation.pw.ts:94:1 › Full loops reconstruct hero, TTS, crossing phases and outro (9.3s)
  ok  5 tests\continuation.pw.ts:124:1 › inline validation, keyboard dialog, global axis and center geometry (6.0s)
  ok  6 tests\continuation.pw.ts:192:3 › all seven output compositions 1280×720 (4.5s)
  ok  7 tests\continuation.pw.ts:192:3 › all seven output compositions 1920×1080 (4.6s)
  ok  8 tests\continuation.pw.ts:192:3 › all seven output compositions 1920×1200 (4.6s)
  ok  9 tests\continuation.pw.ts:192:3 › all seven output compositions 2560×1080 (4.7s)
  ok 10 tests\continuation.pw.ts:192:3 › all seven output compositions 3440×1440 (3.9s)
  ok 11 tests\continuation.pw.ts:192:3 › all seven output compositions 3840×1080 (4.3s)
  ok 12 tests\continuation.pw.ts:192:3 › all seven output compositions 3840×2160 (4.4s)
  ok 13 tests\continuation.pw.ts:192:3 › all seven output compositions 5120×1440 (4.7s)
  ok 14 tests\continuation.pw.ts:236:1 › voice override changes immutable clips and durations (801ms)
  ok 15 tests\continuation.pw.ts:253:1 › monitor anchor, two-axis pan and navigator edge zoom are actual DOM operations (1.5s)
  ok 16 tests\continuation.pw.ts:318:1 › installed shell survives offline reload and reports missing local services (970ms)
  ok 17 tests\continuation.pw.ts:345:3 › actual amount fitting across seven scenes 1280x720 (11.9s)
  ok 18 tests\continuation.pw.ts:345:3 › actual amount fitting across seven scenes 1920x1080 (11.4s)
  ok 19 tests\continuation.pw.ts:345:3 › actual amount fitting across seven scenes 1920x1200 (11.0s)
  ok 20 tests\continuation.pw.ts:345:3 › actual amount fitting across seven scenes 2560x1080 (11.1s)
  ok 21 tests\continuation.pw.ts:345:3 › actual amount fitting across seven scenes 3440x1440 (11.5s)
  ok 22 tests\continuation.pw.ts:345:3 › actual amount fitting across seven scenes 3840x1080 (14.6s)
  ok 23 tests\continuation.pw.ts:345:3 › actual amount fitting across seven scenes 3840x2160 (13.4s)
  ok 24 tests\continuation.pw.ts:345:3 › actual amount fitting across seven scenes 5120x1440 (15.2s)
  ok 25 tests\donate7-art-direction.pw.ts:4:3 › Donate7 5732 keeps the transformed paper through Information and reconstructs the impact/handoff (5.0s)
  ok 26 tests\donate7-art-direction.pw.ts:4:3 › Donate7 3000000 keeps the transformed paper through Information and reconstructs the impact/handoff (5.0s)
  ok 27 tests\donate7-creative.pw.ts:29:1 › Donate7 exact frames reconstruct after reverse seeks; zero, three depths, calm and Information stay clean (8.3s)
  ok 28 tests\donate7-creative.pw.ts:103:1 › Donate7 geometry covers four aspect ratios and all requested amounts without inflating source (27.3s)
  ok 29 tests\donate7-creative.pw.ts:166:1 › Donate7 cold font loads precede glyph measurement and money uses the original project asset (1.6s)
  ok 30 tests\donate7-creative.pw.ts:194:1 › Donate7 full normal speed completes the existing nickname/amount/message/outro lifecycle (56.9s)
  ok 31 tests\donate7-pixi.pw.ts:16:1 › Pixi full-screen money has exact backward/restart poses, three depths, no private ticker and clean zero (1.2s)
  ok 32 tests\donate7-pixi.pw.ts:42:1 › all money qualities cover both edges and upper/middle/lower stage with dominant MID and sparse FRONT (2.4s)
  ok 33 tests\donate7-pixi.pw.ts:74:1 › Pixi recreation does not accumulate renderers, canvases or interaction tickers (1.5s)
  ok 34 tests\donate7-pixi.pw.ts:96:1 › WebGL context loss reports degradation while source, donor and complete speech lifecycle survive (37.4s)
  ok 35 tests\donate7-pixi.pw.ts:121:1 › WebGL initialization failure is explicit and leaves the DOM scene readable (727ms)
  ok 36 tests\donate7-pixi.pw.ts:144:1 › Studio quality switching recreates exactly one Pixi renderer and reports actual tools (1.6s)
  ok 37 tests\donate7-pixi.pw.ts:169:1 › the shared camera and continuous paper thread reconstruct the fold/unfold transition, including its shader (895ms)
  ok 38 tests\motion-engine.pw.ts:33:3 › Donate1 deterministic hero, readable information and transparent canvas (1.3s)
  ok 39 tests\motion-engine.pw.ts:33:3 › Donate2 deterministic hero, readable information and transparent canvas (1.8s)
  ok 40 tests\motion-engine.pw.ts:33:3 › Donate3 deterministic hero, readable information and transparent canvas (1.7s)
  ok 41 tests\motion-engine.pw.ts:33:3 › Donate4 deterministic hero, readable information and transparent canvas (1.5s)
  ok 42 tests\motion-engine.pw.ts:33:3 › Donate5 deterministic hero, readable information and transparent canvas (1.7s)
  ok 43 tests\motion-engine.pw.ts:33:3 › Donate6 deterministic hero, readable information and transparent canvas (1.6s)
  x  44 tests\motion-engine.pw.ts:33:3 › Donate7 deterministic hero, readable information and transparent canvas (7.2s)
(node:121764) Warning: The 'NO_COLOR' env is ignored due to the 'FORCE_COLOR' env being set.
(Use `node --trace-warnings ...` to show where the warning was created)
  ok 45 tests\motion-engine.pw.ts:33:3 › Donate8 deterministic hero, readable information and transparent canvas (3.3s)
  ok 46 tests\motion-engine.pw.ts:211:1 › all seven openings match after fresh initialization, backward seek and Restart (5.9s)
  ok 47 tests\motion-engine.pw.ts:258:1 › SAFE preserves the authored hero and information without WebGL (1.1s)
  ok 48 tests\motion-engine.pw.ts:275:1 › failed WebM uses original GIF and information releases the fallback (430ms)
  ok 49 tests\motion-engine.pw.ts:288:1 › source video corrects after a main-thread stall and backwards inspection (1.9s)
  ok 50 tests\motion-engine.pw.ts:322:1 › music decode failure retains clock fallback and seeks (414ms)
  ok 51 tests\motion-engine.pw.ts:335:1 › fixture donations complete FIFO with GPU failure and no idle animation loop (1.1s)
  ok 52 tests\motion-engine.pw.ts:372:1 › long message scroll reaches every line and holds the final text (6.3s)
  ok 53 tests\motion-engine.pw.ts:387:1 › WebGL context loss preserves the same hero timing and falls back (665ms)
  ok 54 tests\motion-engine.pw.ts:404:1 › calibration produces a short clock-scheduled flash (1.9s)
  ok 55 tests\motion-engine.pw.ts:423:1 › detail changes and seeded replay preserve inspection time and reinitialize GPU (897ms)
  ok 56 tests\motion-engine.pw.ts:445:1 › audio clock catches up after a dropped visual frame and supports pause/restart (2.6s)
  ok 57 tests\motion-studio-2.1.pw.ts:26:3 › docked desktop fits 1280 × 720 (667ms)
  ok 58 tests\motion-studio-2.1.pw.ts:26:3 › docked desktop fits 1366 × 768 (768ms)
  ok 59 tests\motion-studio-2.1.pw.ts:26:3 › docked desktop fits 1440 × 900 (705ms)
  ok 60 tests\motion-studio-2.1.pw.ts:26:3 › docked desktop fits 1680 × 900 (755ms)
  ok 61 tests\motion-studio-2.1.pw.ts:26:3 › docked desktop fits 1920 × 1080 (665ms)
  ok 62 tests\motion-studio-2.1.pw.ts:26:3 › docked desktop fits 2560 × 1440 (733ms)
  ok 63 tests\motion-studio-2.1.pw.ts:37:1 › unsupported desktop and phone render only the blocking screen (627ms)
  ok 64 tests\motion-studio-2.1.pw.ts:53:1 › pane resize, collapse, maximize, restore and persistence keep Stage fitted (2.6s)
  ok 65 tests\motion-studio-2.1.pw.ts:118:1 › manual viewer zoom and hard clipping remain local; text editing remains selectable (741ms)
  ok 66 tests\motion-studio-2.1.pw.ts:147:1 › Full timeline uses shared overlap and deterministically seeks information/outro (1.1s)
  ok 67 tests\motion-studio-2.1.pw.ts:186:1 › native PCM from actual speech accompanies highlights, direct preview and complete Full Alert (32.2s)
  ok 68 tests\motion-studio-2.1.pw.ts:263:1 › pointer range/scrub, context actions, wheel zoom and sticky headers remain local (5.8s)
  ok 69 tests\motion-studio-2.1.pw.ts:287:1 › real stream reference is local and explicit audio failure remains visible (934ms)
  ok 70 tests\motion-studio-2.1.pw.ts:305:1 › Center playhead uses the actual sticky-header viewport at early and late times (1.1s)
  ok 71 tests\motion-studio-2.1.pw.ts:326:1 › failed direct speech is explicitly labelled without an audible highlight (955ms)
  ok 72 tests\motion-studio-2.1.pw.ts:338:1 › custom frame selection remains local and transparent preview excludes it (1.1s)
  ok 73 tests\motion-studio-2.1.pw.ts:362:3 › Donate1 actual music decodes non-silent PCM (720ms)
  ok 74 tests\motion-studio-2.1.pw.ts:362:3 › Donate2 actual music decodes non-silent PCM (714ms)
  ok 75 tests\motion-studio-2.1.pw.ts:362:3 › Donate3 actual music decodes non-silent PCM (721ms)
  ok 76 tests\motion-studio-2.1.pw.ts:362:3 › Donate4 actual music decodes non-silent PCM (718ms)
  ok 77 tests\motion-studio-2.1.pw.ts:362:3 › Donate5 actual music decodes non-silent PCM (708ms)
  ok 78 tests\motion-studio-2.1.pw.ts:362:3 › Donate6 actual music decodes non-silent PCM (801ms)
  ok 79 tests\motion-studio-2.1.pw.ts:362:3 › Donate7 actual music decodes non-silent PCM (1.2s)
  ok 80 tests\motion-studio-v2.pw.ts:8:1 › editable PLN content, manual tier, stress data and local visibility (1.3s)
  ok 81 tests\motion-studio-v2.pw.ts:29:1 › extreme names remain complete and separated across all seven heroes (3.0s)
  ok 82 tests\motion-studio-v2.pw.ts:56:1 › word correction keeps its inspection position and creates a reviewable reaction (956ms)
  ok 83 tests\motion-studio-v2.pw.ts:70:1 › zoom, selection loop, cue navigation and keyboard precision (2.7s)
  ok 84 tests\motion-studio-v2.pw.ts:93:1 › actual full alert enters information, plays three local TTS stages and completes (17.6s)
  ok 85 tests\motion-studio-v2.pw.ts:149:1 › restart during TTS cancels speech; failed TTS still finishes (11.6s)
  ok 86 tests\motion-studio-v2.pw.ts:170:1 › Studio requests a deterministic selection export and reports a downloadable result (4.5s)
  ok 87 tests\production-2.2.pw.ts:3:1 › 32-char names and realistic PLN amounts form separate readable units in all seven scenes (35.2s)
  ok 88 tests\production-2.2.pw.ts:33:1 › intrinsic Information is stable across reading seeks, emoji frames and body-only overflow (4.9s)
  ok 89 tests\production-2.2.pw.ts:87:1 › empty HTTP 204 reports transport evidence; manual retry refetches, restores time and clears warning (1.2s)
  ok 90 tests\production-2.2.pw.ts:109:1 › context help works with focus, click and Escape (776ms)


  1) tests\motion-engine.pw.ts:33:3 › Donate7 deterministic hero, readable information and transparent canvas 

    Error: expect(locator).toHaveCSS(expected) failed

    Locator:  locator('.scene-content')
    Expected: "none"
    Received: "block"
    Timeout:  5000ms

    Call log:
      - Expect "toHaveCSS" locator('.scene-content') with timeout 5000ms
      - waiting for locator('.scene-content')
        14 × locator resolved to <div data-signature="reaction-scrapbook" class="scene-content scene-webcam d7-show">…</div>
           - unexpected value "block"


      197 |     await expect(page.locator(".information-message")).toBeVisible();
      198 |     expect(await page.locator("video[src]").count()).toBe(0);
    > 199 |     if (tier <= 7) await expect(page.locator(".scene-content")).toHaveCSS("display", "none");
          |                                                                 ^
      200 |     await page.evaluate(
      201 |       () => new Promise((resolve) => requestAnimationFrame(() => requestAnimationFrame(resolve))),
      202 |     );
        at C:\Projects\overlays-legacy\tests\motion-engine.pw.ts:199:65

    Error Context: .motion-qa\results\motion-engine.pw.ts-Donate-efbf8-tion-and-transparent-canvas\error-context.md

  1 failed
    tests\motion-engine.pw.ts:33:3 › Donate7 deterministic hero, readable information and transparent canvas 
  89 passed (8.4m)
